// Jest Snapshot v1, https://goo.gl/fbAQLP

exports[`mockDomino should mock get values 1`] = `
<div>
  testing
</div>
`;
